
> chatbot-ui@2.0.0 build
> next build

   Γû▓ Next.js 14.1.0
   - Environments: .env.local

   Creating an optimized production build ...
> [PWA] Compile server
> [PWA] Compile server
> [PWA] Compile client (static)
> [PWA] Auto register service worker with: C:\Users\DELL\Desktop\claudecode\chatbot-ui\node_modules\next-pwa\register.js
> [PWA] Service worker: C:\Users\DELL\Desktop\claudecode\chatbot-ui\public\sw.js
> [PWA]   url: /sw.js
> [PWA]   scope: /
node.exe : Browserslist: caniuse-lite is outdated. Please run:
At line:1 char:1
+ & "C:\Program Files\nodejs/node.exe" "C:\Users\DELL\AppData\Roaming\n ...
+ ~~~~~~~~~~~~~~~~~~~~~~~~~~~~~~~~~~~~~~~~~~~~~~~~~~~~~~~~~~~~~~~~~~~~~
    + CategoryInfo          : NotSpecified: (Browserslist: c...ed. Please run: 
   :String) [], RemoteException
    + FullyQualifiedErrorId : NativeCommandError
 
  npx update-browserslist-db@latest
  Why you should do it regularly: 
https://github.com/browserslist/update-db#readme
Browserslist: caniuse-lite is outdated. Please run:
  npx update-browserslist-db@latest
  Why you should do it regularly: 
https://github.com/browserslist/update-db#readme
 Γ£ô Compiled successfully
   Linting and checking validity of types ...

./app/[locale]/login/password/page.tsx
23:6  Warning: React Hook useEffect has a missing dependency: 'router'. Either include it or remove the dependency array.  react-hooks/exhaustive-deps

./app/[locale]/setup/page.tsx
100:6  Warning: React Hook useEffect has missing dependencies: 'router', 'setAvailableHostedModels', 'setAvailableOpenRouterModels', 'setEnvKeyMap', and 'setProfile'. Either include them or remove the dependency array.  react-hooks/exhaustive-deps

./app/[locale]/[workspaceid]/layout.tsx
71:6  Warning: React Hook useEffect has missing dependencies: 'fetchWorkspaceData', 'router', and 'workspaceId'. Either include them or remove the dependency array.  react-hooks/exhaustive-deps
88:6  Warning: React Hook useEffect has missing dependencies: 'fetchWorkspaceData', 'setChatFiles', 'setChatImages', 'setChatMessages', 'setFirstTokenReceived', 'setIsGenerating', 'setNewMessageFiles', 'setNewMessageImages', 'setSelectedChat', 'setShowFilesDisplay', and 'setUserInput'. Either include them or remove the dependency array.  react-hooks/exhaustive-deps

./components/chat/chat-hooks/use-scroll.tsx
29:6  Warning: React Hook useEffect has a missing dependency: 'userScrolled'. Either include it or remove the dependency array.  react-hooks/exhaustive-deps
35:6  Warning: React Hook useEffect has missing dependencies: 'isGenerating', 'scrollToBottom', and 'userScrolled'. Either include them or remove the dependency array.  react-hooks/exhaustive-deps

./components/chat/chat-hooks/use-select-file-handler.tsx
33:6  Warning: React Hook useEffect has a missing dependency: 'handleFilesToAccept'. Either include it or remove the dependency array.  react-hooks/exhaustive-deps

./components/chat/chat-input.tsx
82:6  Warning: React Hook useEffect has a missing dependency: 'handleFocusChatInput'. Either include it or remove the dependency array.  react-hooks/exhaustive-deps

./components/chat/chat-settings.tsx
39:6  Warning: React Hook useEffect has missing dependencies: 'chatSettings' and 'setChatSettings'. Either include them or remove the dependency array.  react-hooks/exhaustive-deps

./components/chat/chat-ui.tsx
77:6  Warning: React Hook useEffect has missing dependencies: 'fetchChat', 'fetchMessages', 'handleFocusChatInput', 'params.chatid', 'scrollToBottom', and 'setIsAtBottom'. Either include them or remove the dependency array.  react-hooks/exhaustive-deps

./components/messages/message-markdown.tsx
21:18  Warning: Using `<img>` could result in slower LCP and higher bandwidth. Consider using `<Image />` from `next/image` to automatically optimize images. This may incur additional usage or cost from your provider. See: https://nextjs.org/docs/messages/no-img-element  @next/next/no-img-element
21:18  Warning: img elements must have an alt prop, either with meaningful text, or an empty string for decorative images.  jsx-a11y/alt-text

./components/setup/profile-step.tsx
50:37  Warning: React Hook useCallback received a function whose dependencies are unknown. Pass an inline function instead.  react-hooks/exhaustive-deps

./components/sidebar/items/all/sidebar-update-item.tsx
202:9  Warning: The 'fetchDataFunctions' object makes the dependencies of useEffect Hook (at line 171) change on every render. Move it inside the useEffect callback. Alternatively, wrap the initialization of 'fetchDataFunctions' in its own useMemo() Hook.  react-hooks/exhaustive-deps
264:9  Warning: The 'fetchSelectedWorkspaces' function makes the dependencies of useEffect Hook (at line 171) change on every render. Move it inside the useEffect callback. Alternatively, wrap the definition of 'fetchSelectedWorkspaces' in its own useCallback() Hook.  react-hooks/exhaustive-deps

./components/utility/global-state.tsx
198:6  Warning: React Hook useEffect has a missing dependency: 'router'. Either include it or remove the dependency array.  react-hooks/exhaustive-deps

./components/utility/profile-settings.tsx
244:37  Warning: React Hook useCallback received a function whose dependencies are unknown. Pass an inline function instead.  react-hooks/exhaustive-deps

./components/workspace/workspace-settings.tsx
76:6  Warning: React Hook useEffect has a missing dependency: 'selectedWorkspace?.image_path'. Either include it or remove the dependency array.  react-hooks/exhaustive-deps

info  - Need to disable some ESLint rules? Learn more here: https://nextjs.org/docs/basic-features/eslint#disabling-rules
Failed to compile.

./app/[locale]/[workspaceid]/layout.tsx:161:34
Type error: Cannot find name 'LLMID'.

[0m [90m 159 |[39m       model[33m:[39m 
(searchParams[33m.[39m[36mget[39m([32m"model"[39m) [33m||[39m[0m
[0m [90m 160 |[39m         workspace[33m?[39m[33m.[39mdefault_model 
[33m||[39m[0m
[0m[31m[1m>[22m[39m[90m 161 |[39m         
[32m"gpt-4-1106-preview"[39m) [36mas[39m [33mLLMID[39m[33m,[39m[0m
[0m [90m     |[39m                                  [31m[1m^[22m[39m[0m
[0m [90m 162 |[39m       prompt[33m:[39m[0m
[0m [90m 163 |[39m         workspace[33m?[39m[33m.[39mdefault_prompt 
[33m||[39m[0m
[0m [90m 164 |[39m         [32m"You are a friendly, helpful AI 
assistant."[39m[33m,[39m[0m
